// Jest Snapshot v1, https://goo.gl/fbAQLP

exports[`Canvas Test should initialize the canvas boundary 1`] = `
------------
|          |
|          |
|          |
|          |
|          |
|          |
|          |
|          |
|          |
|          |
------------
`;
