// Jest Snapshot v1, https://goo.gl/fbAQLP

exports[`BucketFill should match snapshot 1`] = `
------------
|**********|
|XXXX******|
|   X******|
|   X******|
------------
`;
