// Jest Snapshot v1, https://goo.gl/fbAQLP

exports[`Rectangle should match snapshot 1`] = `
------------
| XXXXX    |
| X   X    |
| XXXXX    |
|          |
------------
`;
